// Jest Snapshot v1, https://goo.gl/fbAQLP

exports[`App.tsx renders correctly 1`] = `
<View>
  <Text
    accessible={true}
    allowFontScaling={true}
    disabled={false}
    ellipsizeMode="tail"
  >
    Hello Clarice 
  </Text>
</View>
`;
